------------------------------------------------------------
Timing Analyzer Summary
------------------------------------------------------------

Type  : Slow 1200mV 85C Model Setup 'VGA_clk'
Slack : -15.950
TNS   : -247.599

Type  : Slow 1200mV 85C Model Setup 'clockM:fS1|clockout'
Slack : -3.087
TNS   : -185.403

Type  : Slow 1200mV 85C Model Setup 'clk'
Slack : -2.680
TNS   : -48.049

Type  : Slow 1200mV 85C Model Setup 'EtatFeu:fs2|clkOut'
Slack : -2.649
TNS   : -56.061

Type  : Slow 1200mV 85C Model Setup 'VGA:VGA_Sub|HS'
Slack : -1.977
TNS   : -32.165

Type  : Slow 1200mV 85C Model Hold 'VGA:VGA_Sub|HS'
Slack : 0.324
TNS   : 0.000

Type  : Slow 1200mV 85C Model Hold 'clk'
Slack : 0.629
TNS   : 0.000

Type  : Slow 1200mV 85C Model Hold 'EtatFeu:fs2|clkOut'
Slack : 0.638
TNS   : 0.000

Type  : Slow 1200mV 85C Model Hold 'clockM:fS1|clockout'
Slack : 0.639
TNS   : 0.000

Type  : Slow 1200mV 85C Model Hold 'VGA_clk'
Slack : 0.647
TNS   : 0.000

Type  : Slow 1200mV 85C Model Minimum Pulse Width 'clk'
Slack : -3.000
TNS   : -42.284

Type  : Slow 1200mV 85C Model Minimum Pulse Width 'clockM:fS1|clockout'
Slack : -1.403
TNS   : -91.195

Type  : Slow 1200mV 85C Model Minimum Pulse Width 'VGA_clk'
Slack : -1.403
TNS   : -47.702

Type  : Slow 1200mV 85C Model Minimum Pulse Width 'EtatFeu:fs2|clkOut'
Slack : -1.403
TNS   : -44.896

Type  : Slow 1200mV 85C Model Minimum Pulse Width 'VGA:VGA_Sub|HS'
Slack : -1.403
TNS   : -29.463

Type  : Slow 1200mV 0C Model Setup 'VGA_clk'
Slack : -14.613
TNS   : -224.659

Type  : Slow 1200mV 0C Model Setup 'clockM:fS1|clockout'
Slack : -2.777
TNS   : -166.260

Type  : Slow 1200mV 0C Model Setup 'clk'
Slack : -2.394
TNS   : -41.156

Type  : Slow 1200mV 0C Model Setup 'EtatFeu:fs2|clkOut'
Slack : -2.278
TNS   : -47.282

Type  : Slow 1200mV 0C Model Setup 'VGA:VGA_Sub|HS'
Slack : -1.746
TNS   : -27.915

Type  : Slow 1200mV 0C Model Hold 'VGA:VGA_Sub|HS'
Slack : 0.292
TNS   : 0.000

Type  : Slow 1200mV 0C Model Hold 'clk'
Slack : 0.582
TNS   : 0.000

Type  : Slow 1200mV 0C Model Hold 'EtatFeu:fs2|clkOut'
Slack : 0.591
TNS   : 0.000

Type  : Slow 1200mV 0C Model Hold 'clockM:fS1|clockout'
Slack : 0.591
TNS   : 0.000

Type  : Slow 1200mV 0C Model Hold 'VGA_clk'
Slack : 0.599
TNS   : 0.000

Type  : Slow 1200mV 0C Model Minimum Pulse Width 'clk'
Slack : -3.000
TNS   : -42.284

Type  : Slow 1200mV 0C Model Minimum Pulse Width 'clockM:fS1|clockout'
Slack : -1.403
TNS   : -91.195

Type  : Slow 1200mV 0C Model Minimum Pulse Width 'VGA_clk'
Slack : -1.403
TNS   : -47.702

Type  : Slow 1200mV 0C Model Minimum Pulse Width 'EtatFeu:fs2|clkOut'
Slack : -1.403
TNS   : -44.896

Type  : Slow 1200mV 0C Model Minimum Pulse Width 'VGA:VGA_Sub|HS'
Slack : -1.403
TNS   : -29.463

Type  : Fast 1200mV 0C Model Setup 'VGA_clk'
Slack : -6.223
TNS   : -87.978

Type  : Fast 1200mV 0C Model Setup 'clockM:fS1|clockout'
Slack : -0.744
TNS   : -40.552

Type  : Fast 1200mV 0C Model Setup 'clk'
Slack : -0.620
TNS   : -5.844

Type  : Fast 1200mV 0C Model Setup 'EtatFeu:fs2|clkOut'
Slack : -0.456
TNS   : -5.287

Type  : Fast 1200mV 0C Model Setup 'VGA:VGA_Sub|HS'
Slack : -0.288
TNS   : -2.703

Type  : Fast 1200mV 0C Model Hold 'VGA:VGA_Sub|HS'
Slack : 0.142
TNS   : 0.000

Type  : Fast 1200mV 0C Model Hold 'clk'
Slack : 0.243
TNS   : 0.000

Type  : Fast 1200mV 0C Model Hold 'clockM:fS1|clockout'
Slack : 0.246
TNS   : 0.000

Type  : Fast 1200mV 0C Model Hold 'EtatFeu:fs2|clkOut'
Slack : 0.247
TNS   : 0.000

Type  : Fast 1200mV 0C Model Hold 'VGA_clk'
Slack : 0.251
TNS   : 0.000

Type  : Fast 1200mV 0C Model Minimum Pulse Width 'clk'
Slack : -3.000
TNS   : -32.293

Type  : Fast 1200mV 0C Model Minimum Pulse Width 'clockM:fS1|clockout'
Slack : -1.000
TNS   : -65.000

Type  : Fast 1200mV 0C Model Minimum Pulse Width 'VGA_clk'
Slack : -1.000
TNS   : -34.000

Type  : Fast 1200mV 0C Model Minimum Pulse Width 'EtatFeu:fs2|clkOut'
Slack : -1.000
TNS   : -32.000

Type  : Fast 1200mV 0C Model Minimum Pulse Width 'VGA:VGA_Sub|HS'
Slack : -1.000
TNS   : -21.000

------------------------------------------------------------
